2025-12-01 10:39:02.978 [main] [traceId=NO_TRACE] INFO  c.U.OtherLevel.OtherLevelApplication - Starting OtherLevelApplication using Java 21.0.9 with PID 14022 (/home/sebitaslovelace/Escritorio/UH_Eventos/target/classes started by sebitaslovelace in /home/sebitaslovelace/Escritorio/UH_Eventos)
2025-12-01 10:39:02.979 [main] [traceId=NO_TRACE] INFO  c.U.OtherLevel.OtherLevelApplication - No active profile set, falling back to 1 default profile: "default"
2025-12-01 10:39:03.835 [main] [traceId=NO_TRACE] INFO  o.a.coyote.http11.Http11NioProtocol - Initializing ProtocolHandler ["http-nio-8080"]
2025-12-01 10:39:03.837 [main] [traceId=NO_TRACE] INFO  o.a.catalina.core.StandardService - Starting service [Tomcat]
2025-12-01 10:39:03.837 [main] [traceId=NO_TRACE] INFO  o.a.catalina.core.StandardEngine - Starting Servlet engine: [Apache Tomcat/10.1.48]
2025-12-01 10:39:03.863 [main] [traceId=NO_TRACE] INFO  o.a.c.c.C.[Tomcat].[localhost].[/] - Initializing Spring embedded WebApplicationContext
2025-12-01 10:39:04.019 [main] [traceId=NO_TRACE] INFO  com.zaxxer.hikari.HikariDataSource - HikariPool-1 - Starting...
2025-12-01 10:39:04.153 [main] [traceId=NO_TRACE] INFO  com.zaxxer.hikari.pool.HikariPool - HikariPool-1 - Added connection conn0: url=jdbc:h2:file:./data/mi_db user=SA
2025-12-01 10:39:04.155 [main] [traceId=NO_TRACE] INFO  com.zaxxer.hikari.HikariDataSource - HikariPool-1 - Start completed.
2025-12-01 10:39:04.183 [main] [traceId=NO_TRACE] INFO  org.flywaydb.core.FlywayExecutor - Database: jdbc:h2:file:./data/mi_db (H2 2.3)
2025-12-01 10:39:04.208 [main] [traceId=NO_TRACE] INFO  o.f.core.internal.command.DbValidate - Successfully validated 3 migrations (execution time 00:00.015s)
2025-12-01 10:39:04.214 [main] [traceId=NO_TRACE] INFO  o.f.core.internal.command.DbMigrate - Current version of schema "PUBLIC": 3
2025-12-01 10:39:04.216 [main] [traceId=NO_TRACE] INFO  o.f.core.internal.command.DbMigrate - Schema "PUBLIC" is up to date. No migration necessary.
2025-12-01 10:39:05.104 [main] [traceId=NO_TRACE] WARN  o.s.b.a.o.j.JpaBaseConfiguration$JpaWebConfiguration - spring.jpa.open-in-view is enabled by default. Therefore, database queries may be performed during view rendering. Explicitly configure spring.jpa.open-in-view to disable this warning
2025-12-01 10:39:05.359 [main] [traceId=NO_TRACE] INFO  o.a.coyote.http11.Http11NioProtocol - Starting ProtocolHandler ["http-nio-8080"]
2025-12-01 10:39:05.380 [main] [traceId=NO_TRACE] INFO  c.U.OtherLevel.OtherLevelApplication - Started OtherLevelApplication in 2.784 seconds (process running for 3.002)
2025-12-01 10:39:05.385 [main] [traceId=NO_TRACE] WARN  o.s.c.events.SpringDocAppInitializer - SpringDoc /v3/api-docs endpoint is enabled by default. To disable it in production, set the property 'springdoc.api-docs.enabled=false'
2025-12-01 10:39:05.385 [main] [traceId=NO_TRACE] WARN  o.s.c.events.SpringDocAppInitializer - SpringDoc /swagger-ui.html endpoint is enabled by default. To disable it in production, set the property 'springdoc.swagger-ui.enabled=false'
2025-12-01 10:39:20.797 [SpringApplicationShutdownHook] [traceId=NO_TRACE] INFO  com.zaxxer.hikari.HikariDataSource - HikariPool-1 - Shutdown initiated...
2025-12-01 10:39:20.799 [SpringApplicationShutdownHook] [traceId=NO_TRACE] INFO  com.zaxxer.hikari.HikariDataSource - HikariPool-1 - Shutdown completed.
2025-12-01 11:46:21.489 [main] [traceId=NO_TRACE] INFO  c.U.OtherLevel.OtherLevelApplication - Starting OtherLevelApplication using Java 21.0.9 with PID 34623 (/home/sebitaslovelace/Escritorio/UH_Eventos/target/classes started by sebitaslovelace in /home/sebitaslovelace/Escritorio/UH_Eventos)
2025-12-01 11:46:21.492 [main] [traceId=NO_TRACE] INFO  c.U.OtherLevel.OtherLevelApplication - No active profile set, falling back to 1 default profile: "default"
2025-12-01 11:46:23.010 [main] [traceId=NO_TRACE] INFO  o.a.coyote.http11.Http11NioProtocol - Initializing ProtocolHandler ["http-nio-8080"]
2025-12-01 11:46:23.012 [main] [traceId=NO_TRACE] INFO  o.a.catalina.core.StandardService - Starting service [Tomcat]
2025-12-01 11:46:23.012 [main] [traceId=NO_TRACE] INFO  o.a.catalina.core.StandardEngine - Starting Servlet engine: [Apache Tomcat/10.1.48]
2025-12-01 11:46:23.075 [main] [traceId=NO_TRACE] INFO  o.a.c.c.C.[Tomcat].[localhost].[/] - Initializing Spring embedded WebApplicationContext
2025-12-01 11:46:23.328 [main] [traceId=NO_TRACE] INFO  com.zaxxer.hikari.HikariDataSource - HikariPool-1 - Starting...
2025-12-01 11:46:23.590 [main] [traceId=NO_TRACE] INFO  com.zaxxer.hikari.pool.HikariPool - HikariPool-1 - Added connection conn0: url=jdbc:h2:file:./data/mi_db user=SA
2025-12-01 11:46:23.592 [main] [traceId=NO_TRACE] INFO  com.zaxxer.hikari.HikariDataSource - HikariPool-1 - Start completed.
2025-12-01 11:46:23.652 [main] [traceId=NO_TRACE] INFO  org.flywaydb.core.FlywayExecutor - Database: jdbc:h2:file:./data/mi_db (H2 2.3)
2025-12-01 11:46:23.712 [main] [traceId=NO_TRACE] INFO  o.f.core.internal.command.DbValidate - Successfully validated 3 migrations (execution time 00:00.041s)
2025-12-01 11:46:23.735 [main] [traceId=NO_TRACE] INFO  o.f.core.internal.command.DbMigrate - Current version of schema "PUBLIC": 3
2025-12-01 11:46:23.742 [main] [traceId=NO_TRACE] INFO  o.f.core.internal.command.DbMigrate - Schema "PUBLIC" is up to date. No migration necessary.
2025-12-01 11:46:25.431 [main] [traceId=NO_TRACE] WARN  o.s.b.w.s.c.AnnotationConfigServletWebServerApplicationContext - Exception encountered during context initialization - cancelling refresh attempt: org.springframework.beans.factory.UnsatisfiedDependencyException: Error creating bean with name 'eventController' defined in file [/home/sebitaslovelace/Escritorio/UH_Eventos/target/classes/com/UH/OtherLevel/infrastructure/adapter/in/web/controller/EventController.class]: Unsatisfied dependency expressed through constructor parameter 0: Error creating bean with name 'createEventUseCase' defined in class path resource [com/UH/OtherLevel/infrastructure/adapter/config/ApplicationConfig.class]: Unsatisfied dependency expressed through method 'createEventUseCase' parameter 0: Error creating bean with name 'eventRepositoryAdapter' defined in file [/home/sebitaslovelace/Escritorio/UH_Eventos/target/classes/com/UH/OtherLevel/infrastructure/adapter/out/persistence/adapter/EventRepositoryAdapter.class]: Unsatisfied dependency expressed through constructor parameter 1: No qualifying bean of type 'com.UH.OtherLevel.infrastructure.adapter.out.persistence.mapper.EventEntityMapper' available: expected at least 1 bean which qualifies as autowire candidate. Dependency annotations: {}
2025-12-01 11:46:25.434 [main] [traceId=NO_TRACE] INFO  com.zaxxer.hikari.HikariDataSource - HikariPool-1 - Shutdown initiated...
2025-12-01 11:46:25.494 [main] [traceId=NO_TRACE] INFO  com.zaxxer.hikari.HikariDataSource - HikariPool-1 - Shutdown completed.
2025-12-01 11:46:25.513 [main] [traceId=NO_TRACE] INFO  o.a.catalina.core.StandardService - Stopping service [Tomcat]
2025-12-01 11:46:25.645 [main] [traceId=NO_TRACE] ERROR o.s.b.d.LoggingFailureAnalysisReporter - 

***************************
APPLICATION FAILED TO START
***************************

Description:

Parameter 1 of constructor in com.UH.OtherLevel.infrastructure.adapter.out.persistence.adapter.EventRepositoryAdapter required a bean of type 'com.UH.OtherLevel.infrastructure.adapter.out.persistence.mapper.EventEntityMapper' that could not be found.


Action:

Consider defining a bean of type 'com.UH.OtherLevel.infrastructure.adapter.out.persistence.mapper.EventEntityMapper' in your configuration.

2025-12-01 11:50:57.968 [main] [traceId=NO_TRACE] INFO  c.U.OtherLevel.OtherLevelApplication - Starting OtherLevelApplication using Java 21.0.9 with PID 37525 (/home/sebitaslovelace/Escritorio/UH_Eventos/target/classes started by sebitaslovelace in /home/sebitaslovelace/Escritorio/UH_Eventos)
2025-12-01 11:50:57.970 [main] [traceId=NO_TRACE] INFO  c.U.OtherLevel.OtherLevelApplication - No active profile set, falling back to 1 default profile: "default"
2025-12-01 11:50:59.328 [main] [traceId=NO_TRACE] INFO  o.a.coyote.http11.Http11NioProtocol - Initializing ProtocolHandler ["http-nio-8080"]
2025-12-01 11:50:59.330 [main] [traceId=NO_TRACE] INFO  o.a.catalina.core.StandardService - Starting service [Tomcat]
2025-12-01 11:50:59.331 [main] [traceId=NO_TRACE] INFO  o.a.catalina.core.StandardEngine - Starting Servlet engine: [Apache Tomcat/10.1.48]
2025-12-01 11:50:59.385 [main] [traceId=NO_TRACE] INFO  o.a.c.c.C.[Tomcat].[localhost].[/] - Initializing Spring embedded WebApplicationContext
2025-12-01 11:50:59.648 [main] [traceId=NO_TRACE] INFO  com.zaxxer.hikari.HikariDataSource - HikariPool-1 - Starting...
2025-12-01 11:50:59.872 [main] [traceId=NO_TRACE] INFO  com.zaxxer.hikari.pool.HikariPool - HikariPool-1 - Added connection conn0: url=jdbc:h2:file:./data/mi_db user=SA
2025-12-01 11:50:59.873 [main] [traceId=NO_TRACE] INFO  com.zaxxer.hikari.HikariDataSource - HikariPool-1 - Start completed.
2025-12-01 11:50:59.931 [main] [traceId=NO_TRACE] INFO  org.flywaydb.core.FlywayExecutor - Database: jdbc:h2:file:./data/mi_db (H2 2.3)
2025-12-01 11:50:59.989 [main] [traceId=NO_TRACE] INFO  o.f.core.internal.command.DbValidate - Successfully validated 3 migrations (execution time 00:00.037s)
2025-12-01 11:51:00.000 [main] [traceId=NO_TRACE] INFO  o.f.core.internal.command.DbMigrate - Current version of schema "PUBLIC": 3
2025-12-01 11:51:00.006 [main] [traceId=NO_TRACE] INFO  o.f.core.internal.command.DbMigrate - Schema "PUBLIC" is up to date. No migration necessary.
2025-12-01 11:51:01.714 [main] [traceId=NO_TRACE] WARN  o.s.b.a.o.j.JpaBaseConfiguration$JpaWebConfiguration - spring.jpa.open-in-view is enabled by default. Therefore, database queries may be performed during view rendering. Explicitly configure spring.jpa.open-in-view to disable this warning
2025-12-01 11:51:02.159 [main] [traceId=NO_TRACE] INFO  o.a.coyote.http11.Http11NioProtocol - Starting ProtocolHandler ["http-nio-8080"]
2025-12-01 11:51:02.201 [main] [traceId=NO_TRACE] INFO  c.U.OtherLevel.OtherLevelApplication - Started OtherLevelApplication in 5.124 seconds (process running for 6.373)
2025-12-01 11:51:02.207 [main] [traceId=NO_TRACE] WARN  o.s.c.events.SpringDocAppInitializer - SpringDoc /v3/api-docs endpoint is enabled by default. To disable it in production, set the property 'springdoc.api-docs.enabled=false'
2025-12-01 11:51:02.207 [main] [traceId=NO_TRACE] WARN  o.s.c.events.SpringDocAppInitializer - SpringDoc /swagger-ui.html endpoint is enabled by default. To disable it in production, set the property 'springdoc.swagger-ui.enabled=false'
2025-12-01 11:52:04.276 [SpringApplicationShutdownHook] [traceId=NO_TRACE] INFO  com.zaxxer.hikari.HikariDataSource - HikariPool-1 - Shutdown initiated...
2025-12-01 11:52:04.279 [SpringApplicationShutdownHook] [traceId=NO_TRACE] INFO  com.zaxxer.hikari.HikariDataSource - HikariPool-1 - Shutdown completed.
2025-12-01 11:52:20.903 [main] [traceId=NO_TRACE] INFO  c.U.OtherLevel.OtherLevelApplication - Starting OtherLevelApplication using Java 21.0.9 with PID 38116 (/home/sebitaslovelace/Escritorio/UH_Eventos/target/classes started by sebitaslovelace in /home/sebitaslovelace/Escritorio/UH_Eventos)
2025-12-01 11:52:20.910 [main] [traceId=NO_TRACE] INFO  c.U.OtherLevel.OtherLevelApplication - No active profile set, falling back to 1 default profile: "default"
2025-12-01 11:52:23.082 [main] [traceId=NO_TRACE] INFO  o.a.coyote.http11.Http11NioProtocol - Initializing ProtocolHandler ["http-nio-8080"]
2025-12-01 11:52:23.085 [main] [traceId=NO_TRACE] INFO  o.a.catalina.core.StandardService - Starting service [Tomcat]
2025-12-01 11:52:23.086 [main] [traceId=NO_TRACE] INFO  o.a.catalina.core.StandardEngine - Starting Servlet engine: [Apache Tomcat/10.1.48]
2025-12-01 11:52:23.151 [main] [traceId=NO_TRACE] INFO  o.a.c.c.C.[Tomcat].[localhost].[/] - Initializing Spring embedded WebApplicationContext
2025-12-01 11:52:23.555 [main] [traceId=NO_TRACE] INFO  com.zaxxer.hikari.HikariDataSource - HikariPool-1 - Starting...
2025-12-01 11:52:23.819 [main] [traceId=NO_TRACE] INFO  com.zaxxer.hikari.pool.HikariPool - HikariPool-1 - Added connection conn0: url=jdbc:h2:file:./data/mi_db user=SA
2025-12-01 11:52:23.821 [main] [traceId=NO_TRACE] INFO  com.zaxxer.hikari.HikariDataSource - HikariPool-1 - Start completed.
2025-12-01 11:52:23.879 [main] [traceId=NO_TRACE] INFO  org.flywaydb.core.FlywayExecutor - Database: jdbc:h2:file:./data/mi_db (H2 2.3)
2025-12-01 11:52:23.931 [main] [traceId=NO_TRACE] INFO  o.f.core.internal.command.DbValidate - Successfully validated 3 migrations (execution time 00:00.031s)
2025-12-01 11:52:23.942 [main] [traceId=NO_TRACE] INFO  o.f.core.internal.command.DbMigrate - Current version of schema "PUBLIC": 3
2025-12-01 11:52:23.950 [main] [traceId=NO_TRACE] INFO  o.f.core.internal.command.DbMigrate - Schema "PUBLIC" is up to date. No migration necessary.
2025-12-01 11:52:25.890 [main] [traceId=NO_TRACE] WARN  o.s.b.a.o.j.JpaBaseConfiguration$JpaWebConfiguration - spring.jpa.open-in-view is enabled by default. Therefore, database queries may be performed during view rendering. Explicitly configure spring.jpa.open-in-view to disable this warning
2025-12-01 11:52:26.561 [main] [traceId=NO_TRACE] INFO  o.a.coyote.http11.Http11NioProtocol - Starting ProtocolHandler ["http-nio-8080"]
2025-12-01 11:52:26.606 [main] [traceId=NO_TRACE] INFO  c.U.OtherLevel.OtherLevelApplication - Started OtherLevelApplication in 6.619 seconds (process running for 7.239)
2025-12-01 11:52:26.612 [main] [traceId=NO_TRACE] WARN  o.s.c.events.SpringDocAppInitializer - SpringDoc /v3/api-docs endpoint is enabled by default. To disable it in production, set the property 'springdoc.api-docs.enabled=false'
2025-12-01 11:52:26.613 [main] [traceId=NO_TRACE] WARN  o.s.c.events.SpringDocAppInitializer - SpringDoc /swagger-ui.html endpoint is enabled by default. To disable it in production, set the property 'springdoc.swagger-ui.enabled=false'
2025-12-01 11:56:44.549 [SpringApplicationShutdownHook] [traceId=NO_TRACE] INFO  com.zaxxer.hikari.HikariDataSource - HikariPool-1 - Shutdown initiated...
2025-12-01 11:56:44.554 [SpringApplicationShutdownHook] [traceId=NO_TRACE] INFO  com.zaxxer.hikari.HikariDataSource - HikariPool-1 - Shutdown completed.
2025-12-01 19:22:02.019 [main] [traceId=NO_TRACE] [endpoint=N/A] INFO  c.U.OtherLevel.OtherLevelApplication - Starting OtherLevelApplication using Java 21.0.8 with PID 24973 (/home/sebas/Escritorio/UH_Eventos/target/classes started by sebas in /home/sebas/Escritorio/UH_Eventos)
2025-12-01 19:22:02.020 [main] [traceId=NO_TRACE] [endpoint=N/A] INFO  c.U.OtherLevel.OtherLevelApplication - No active profile set, falling back to 1 default profile: "default"
2025-12-01 19:22:02.955 [main] [traceId=NO_TRACE] [endpoint=N/A] INFO  o.a.coyote.http11.Http11NioProtocol - Initializing ProtocolHandler ["http-nio-8080"]
2025-12-01 19:22:02.956 [main] [traceId=NO_TRACE] [endpoint=N/A] INFO  o.a.catalina.core.StandardService - Starting service [Tomcat]
2025-12-01 19:22:02.957 [main] [traceId=NO_TRACE] [endpoint=N/A] INFO  o.a.catalina.core.StandardEngine - Starting Servlet engine: [Apache Tomcat/10.1.48]
2025-12-01 19:22:02.989 [main] [traceId=NO_TRACE] [endpoint=N/A] INFO  o.a.c.c.C.[Tomcat].[localhost].[/] - Initializing Spring embedded WebApplicationContext
2025-12-01 19:22:03.155 [main] [traceId=NO_TRACE] [endpoint=N/A] INFO  com.zaxxer.hikari.HikariDataSource - HikariPool-1 - Starting...
2025-12-01 19:22:03.303 [main] [traceId=NO_TRACE] [endpoint=N/A] INFO  com.zaxxer.hikari.pool.HikariPool - HikariPool-1 - Added connection conn0: url=jdbc:h2:file:./data/mi_db user=SA
2025-12-01 19:22:03.304 [main] [traceId=NO_TRACE] [endpoint=N/A] INFO  com.zaxxer.hikari.HikariDataSource - HikariPool-1 - Start completed.
2025-12-01 19:22:03.334 [main] [traceId=NO_TRACE] [endpoint=N/A] INFO  org.flywaydb.core.FlywayExecutor - Database: jdbc:h2:file:./data/mi_db (H2 2.3)
2025-12-01 19:22:03.363 [main] [traceId=NO_TRACE] [endpoint=N/A] INFO  o.f.core.internal.command.DbValidate - Successfully validated 3 migrations (execution time 00:00.018s)
2025-12-01 19:22:03.372 [main] [traceId=NO_TRACE] [endpoint=N/A] INFO  o.f.core.internal.command.DbMigrate - Current version of schema "PUBLIC": 3
2025-12-01 19:22:03.375 [main] [traceId=NO_TRACE] [endpoint=N/A] INFO  o.f.core.internal.command.DbMigrate - Schema "PUBLIC" is up to date. No migration necessary.
2025-12-01 19:22:04.276 [main] [traceId=NO_TRACE] [endpoint=N/A] WARN  o.s.b.w.s.c.AnnotationConfigServletWebServerApplicationContext - Exception encountered during context initialization - cancelling refresh attempt: org.springframework.beans.factory.UnsatisfiedDependencyException: Error creating bean with name 'eventController' defined in file [/home/sebas/Escritorio/UH_Eventos/target/classes/com/UH/OtherLevel/infrastructure/adapter/in/web/controller/EventController.class]: Unsatisfied dependency expressed through constructor parameter 0: Error creating bean with name 'createEventUseCase' defined in class path resource [com/UH/OtherLevel/infrastructure/adapter/config/ApplicationConfig.class]: Unsatisfied dependency expressed through method 'createEventUseCase' parameter 0: Error creating bean with name 'eventRepositoryAdapter' defined in file [/home/sebas/Escritorio/UH_Eventos/target/classes/com/UH/OtherLevel/infrastructure/adapter/out/persistence/adapter/EventRepositoryAdapter.class]: Unsatisfied dependency expressed through constructor parameter 1: No qualifying bean of type 'com.UH.OtherLevel.infrastructure.adapter.out.persistence.mapper.EventEntityMapper' available: expected at least 1 bean which qualifies as autowire candidate. Dependency annotations: {}
2025-12-01 19:22:04.278 [main] [traceId=NO_TRACE] [endpoint=N/A] INFO  com.zaxxer.hikari.HikariDataSource - HikariPool-1 - Shutdown initiated...
2025-12-01 19:22:04.483 [main] [traceId=NO_TRACE] [endpoint=N/A] INFO  com.zaxxer.hikari.HikariDataSource - HikariPool-1 - Shutdown completed.
2025-12-01 19:22:04.485 [main] [traceId=NO_TRACE] [endpoint=N/A] INFO  o.a.catalina.core.StandardService - Stopping service [Tomcat]
2025-12-01 19:22:04.509 [main] [traceId=NO_TRACE] [endpoint=N/A] ERROR o.s.b.d.LoggingFailureAnalysisReporter - 

***************************
APPLICATION FAILED TO START
***************************

Description:

Parameter 1 of constructor in com.UH.OtherLevel.infrastructure.adapter.out.persistence.adapter.EventRepositoryAdapter required a bean of type 'com.UH.OtherLevel.infrastructure.adapter.out.persistence.mapper.EventEntityMapper' that could not be found.


Action:

Consider defining a bean of type 'com.UH.OtherLevel.infrastructure.adapter.out.persistence.mapper.EventEntityMapper' in your configuration.

2025-12-01 19:26:20.843 [main] [traceId=NO_TRACE] [endpoint=N/A] INFO  c.U.OtherLevel.OtherLevelApplication - Starting OtherLevelApplication using Java 21.0.8 with PID 26735 (/home/sebas/Escritorio/UH_Eventos/target/classes started by sebas in /home/sebas/Escritorio/UH_Eventos)
2025-12-01 19:26:20.845 [main] [traceId=NO_TRACE] [endpoint=N/A] INFO  c.U.OtherLevel.OtherLevelApplication - No active profile set, falling back to 1 default profile: "default"
2025-12-01 19:26:21.747 [main] [traceId=NO_TRACE] [endpoint=N/A] INFO  o.a.coyote.http11.Http11NioProtocol - Initializing ProtocolHandler ["http-nio-8080"]
2025-12-01 19:26:21.749 [main] [traceId=NO_TRACE] [endpoint=N/A] INFO  o.a.catalina.core.StandardService - Starting service [Tomcat]
2025-12-01 19:26:21.749 [main] [traceId=NO_TRACE] [endpoint=N/A] INFO  o.a.catalina.core.StandardEngine - Starting Servlet engine: [Apache Tomcat/10.1.48]
2025-12-01 19:26:21.783 [main] [traceId=NO_TRACE] [endpoint=N/A] INFO  o.a.c.c.C.[Tomcat].[localhost].[/] - Initializing Spring embedded WebApplicationContext
2025-12-01 19:26:21.963 [main] [traceId=NO_TRACE] [endpoint=N/A] INFO  com.zaxxer.hikari.HikariDataSource - HikariPool-1 - Starting...
2025-12-01 19:26:22.100 [main] [traceId=NO_TRACE] [endpoint=N/A] INFO  com.zaxxer.hikari.pool.HikariPool - HikariPool-1 - Added connection conn0: url=jdbc:h2:file:./data/mi_db user=SA
2025-12-01 19:26:22.102 [main] [traceId=NO_TRACE] [endpoint=N/A] INFO  com.zaxxer.hikari.HikariDataSource - HikariPool-1 - Start completed.
2025-12-01 19:26:22.146 [main] [traceId=NO_TRACE] [endpoint=N/A] INFO  org.flywaydb.core.FlywayExecutor - Database: jdbc:h2:file:./data/mi_db (H2 2.3)
2025-12-01 19:26:22.185 [main] [traceId=NO_TRACE] [endpoint=N/A] INFO  o.f.core.internal.command.DbValidate - Successfully validated 3 migrations (execution time 00:00.023s)
2025-12-01 19:26:22.193 [main] [traceId=NO_TRACE] [endpoint=N/A] INFO  o.f.core.internal.command.DbMigrate - Current version of schema "PUBLIC": 3
2025-12-01 19:26:22.196 [main] [traceId=NO_TRACE] [endpoint=N/A] INFO  o.f.core.internal.command.DbMigrate - Schema "PUBLIC" is up to date. No migration necessary.
2025-12-01 19:26:23.170 [main] [traceId=NO_TRACE] [endpoint=N/A] WARN  o.s.b.a.o.j.JpaBaseConfiguration$JpaWebConfiguration - spring.jpa.open-in-view is enabled by default. Therefore, database queries may be performed during view rendering. Explicitly configure spring.jpa.open-in-view to disable this warning
2025-12-01 19:26:23.474 [main] [traceId=NO_TRACE] [endpoint=N/A] INFO  o.a.coyote.http11.Http11NioProtocol - Starting ProtocolHandler ["http-nio-8080"]
2025-12-01 19:26:23.489 [main] [traceId=NO_TRACE] [endpoint=N/A] INFO  c.U.OtherLevel.OtherLevelApplication - Started OtherLevelApplication in 3.054 seconds (process running for 3.286)
2025-12-01 19:26:23.492 [main] [traceId=NO_TRACE] [endpoint=N/A] WARN  o.s.c.events.SpringDocAppInitializer - SpringDoc /v3/api-docs endpoint is enabled by default. To disable it in production, set the property 'springdoc.api-docs.enabled=false'
2025-12-01 19:26:23.492 [main] [traceId=NO_TRACE] [endpoint=N/A] WARN  o.s.c.events.SpringDocAppInitializer - SpringDoc /swagger-ui.html endpoint is enabled by default. To disable it in production, set the property 'springdoc.swagger-ui.enabled=false'
2025-12-01 19:26:28.206 [SpringApplicationShutdownHook] [traceId=NO_TRACE] [endpoint=N/A] INFO  com.zaxxer.hikari.HikariDataSource - HikariPool-1 - Shutdown initiated...
2025-12-01 19:26:28.207 [SpringApplicationShutdownHook] [traceId=NO_TRACE] [endpoint=N/A] INFO  com.zaxxer.hikari.HikariDataSource - HikariPool-1 - Shutdown completed.
2025-12-01 23:30:53.756 [main] [traceId=NO_TRACE] [endpoint=N/A] INFO  c.U.OtherLevel.OtherLevelApplication - Starting OtherLevelApplication using Java 21.0.8 with PID 107938 (/home/sebas/Escritorio/UH_Eventos/target/classes started by sebas in /home/sebas/Escritorio/UH_Eventos)
2025-12-01 23:30:53.757 [main] [traceId=NO_TRACE] [endpoint=N/A] INFO  c.U.OtherLevel.OtherLevelApplication - No active profile set, falling back to 1 default profile: "default"
2025-12-01 23:30:54.783 [main] [traceId=NO_TRACE] [endpoint=N/A] INFO  o.a.coyote.http11.Http11NioProtocol - Initializing ProtocolHandler ["http-nio-8080"]
2025-12-01 23:30:54.786 [main] [traceId=NO_TRACE] [endpoint=N/A] INFO  o.a.catalina.core.StandardService - Starting service [Tomcat]
2025-12-01 23:30:54.786 [main] [traceId=NO_TRACE] [endpoint=N/A] INFO  o.a.catalina.core.StandardEngine - Starting Servlet engine: [Apache Tomcat/10.1.48]
2025-12-01 23:30:54.824 [main] [traceId=NO_TRACE] [endpoint=N/A] INFO  o.a.c.c.C.[Tomcat].[localhost].[/] - Initializing Spring embedded WebApplicationContext
2025-12-01 23:30:54.992 [main] [traceId=NO_TRACE] [endpoint=N/A] INFO  com.zaxxer.hikari.HikariDataSource - HikariPool-1 - Starting...
2025-12-01 23:30:55.129 [main] [traceId=NO_TRACE] [endpoint=N/A] INFO  com.zaxxer.hikari.pool.HikariPool - HikariPool-1 - Added connection conn0: url=jdbc:h2:file:./data/mi_db user=SA
2025-12-01 23:30:55.130 [main] [traceId=NO_TRACE] [endpoint=N/A] INFO  com.zaxxer.hikari.HikariDataSource - HikariPool-1 - Start completed.
2025-12-01 23:30:55.162 [main] [traceId=NO_TRACE] [endpoint=N/A] INFO  org.flywaydb.core.FlywayExecutor - Database: jdbc:h2:file:./data/mi_db (H2 2.3)
2025-12-01 23:30:55.190 [main] [traceId=NO_TRACE] [endpoint=N/A] INFO  o.f.core.internal.command.DbValidate - Successfully validated 4 migrations (execution time 00:00.015s)
2025-12-01 23:30:55.198 [main] [traceId=NO_TRACE] [endpoint=N/A] INFO  o.f.core.internal.command.DbMigrate - Current version of schema "PUBLIC": 3
2025-12-01 23:30:55.212 [main] [traceId=NO_TRACE] [endpoint=N/A] INFO  o.f.core.internal.command.DbMigrate - Migrating schema "PUBLIC" to version "4 - create users table"
2025-12-01 23:30:55.239 [main] [traceId=NO_TRACE] [endpoint=N/A] INFO  o.f.core.internal.command.DbMigrate - Successfully applied 1 migration to schema "PUBLIC", now at version v4 (execution time 00:00.020s)
2025-12-01 23:30:56.187 [main] [traceId=NO_TRACE] [endpoint=N/A] DEBUG o.h.s.internal.StatisticsInitiator - Statistics initialized [enabled=true]
2025-12-01 23:30:56.326 [main] [traceId=NO_TRACE] [endpoint=N/A] WARN  o.s.s.c.a.a.c.InitializeUserDetailsBeanManagerConfigurer$InitializeUserDetailsManagerConfigurer - Global AuthenticationManager configured with an AuthenticationProvider bean. UserDetailsService beans will not be used by Spring Security for automatically configuring username/password login. Consider removing the AuthenticationProvider bean. Alternatively, consider using the UserDetailsService in a manually instantiated DaoAuthenticationProvider. If the current configuration is intentional, to turn off this warning, increase the logging level of 'org.springframework.security.config.annotation.authentication.configuration.InitializeUserDetailsBeanManagerConfigurer' to ERROR
2025-12-01 23:30:56.460 [main] [traceId=NO_TRACE] [endpoint=N/A] WARN  o.s.b.a.o.j.JpaBaseConfiguration$JpaWebConfiguration - spring.jpa.open-in-view is enabled by default. Therefore, database queries may be performed during view rendering. Explicitly configure spring.jpa.open-in-view to disable this warning
2025-12-01 23:30:56.898 [main] [traceId=NO_TRACE] [endpoint=N/A] INFO  o.a.coyote.http11.Http11NioProtocol - Starting ProtocolHandler ["http-nio-8080"]
2025-12-01 23:30:56.914 [main] [traceId=NO_TRACE] [endpoint=N/A] INFO  c.U.OtherLevel.OtherLevelApplication - Started OtherLevelApplication in 3.578 seconds (process running for 3.811)
2025-12-01 23:30:56.916 [main] [traceId=NO_TRACE] [endpoint=N/A] WARN  o.s.c.events.SpringDocAppInitializer - SpringDoc /v3/api-docs endpoint is enabled by default. To disable it in production, set the property 'springdoc.api-docs.enabled=false'
2025-12-01 23:30:56.917 [main] [traceId=NO_TRACE] [endpoint=N/A] WARN  o.s.c.events.SpringDocAppInitializer - SpringDoc /swagger-ui.html endpoint is enabled by default. To disable it in production, set the property 'springdoc.swagger-ui.enabled=false'
2025-12-01 23:31:00.663 [http-nio-8080-exec-1] [traceId=NO_TRACE] [endpoint=N/A] INFO  o.a.c.c.C.[Tomcat].[localhost].[/] - Initializing Spring DispatcherServlet 'dispatcherServlet'
2025-12-01 23:31:00.989 [http-nio-8080-exec-9] [traceId=f9615bec-f905-4a4d-8b0b-126440cf403d] [endpoint=GET /v3/api-docs] INFO  o.s.api.AbstractOpenApiResource - Init duration for springdoc-openapi is: 190 ms
2025-12-01 23:31:56.766 [http-nio-8080-exec-10] [traceId=82694caa-5126-4cbc-bb6b-3efe009f3f2e] [endpoint=POST /auth/register] INFO  c.U.O.i.a.i.w.c.AuthController - AUTH_REGISTER_REQUEST username=Sebitas
2025-12-01 23:31:56.831 [http-nio-8080-exec-10] [traceId=82694caa-5126-4cbc-bb6b-3efe009f3f2e] [endpoint=POST /auth/register] INFO  c.U.O.i.a.o.p.a.UserRepositoryAdapter - DB_EXISTS_USER_BY_USERNAME username=Sebitas
2025-12-01 23:31:56.911 [http-nio-8080-exec-10] [traceId=82694caa-5126-4cbc-bb6b-3efe009f3f2e] [endpoint=POST /auth/register] DEBUG o.h.stat.internal.StatisticsImpl - HHH000117: HQL: [CRITERIA] select ue1_0.id from users ue1_0 where ue1_0.username=? fetch first ? rows only, time: 7ms, rows: 0
2025-12-01 23:31:56.913 [http-nio-8080-exec-10] [traceId=82694caa-5126-4cbc-bb6b-3efe009f3f2e] [endpoint=POST /auth/register] INFO  c.U.O.i.a.o.p.a.UserRepositoryAdapter - DB_EXISTS_USER_BY_EMAIL email=mazoosebas@gmail.com
2025-12-01 23:31:56.915 [http-nio-8080-exec-10] [traceId=82694caa-5126-4cbc-bb6b-3efe009f3f2e] [endpoint=POST /auth/register] DEBUG o.h.stat.internal.StatisticsImpl - HHH000117: HQL: [CRITERIA] select ue1_0.id from users ue1_0 where ue1_0.email=? fetch first ? rows only, time: 0ms, rows: 0
2025-12-01 23:31:56.916 [http-nio-8080-exec-10] [traceId=82694caa-5126-4cbc-bb6b-3efe009f3f2e] [endpoint=POST /auth/register] INFO  c.U.O.i.a.o.p.a.UserRepositoryAdapter - DB_SAVE_USER username=Sebitas
2025-12-01 23:31:56.943 [http-nio-8080-exec-10] [traceId=82694caa-5126-4cbc-bb6b-3efe009f3f2e] [endpoint=POST /auth/register] INFO  c.U.O.i.a.o.p.a.UserRepositoryAdapter - DB_SAVE_USER_SUCCESS id=2 username=Sebitas
2025-12-01 23:31:56.952 [http-nio-8080-exec-10] [traceId=82694caa-5126-4cbc-bb6b-3efe009f3f2e] [endpoint=POST /auth/register] INFO  c.U.O.i.a.i.w.c.AuthController - AUTH_REGISTER_SUCCESS username=Sebitas id=2
2025-12-01 23:31:59.838 [http-nio-8080-exec-1] [traceId=e78f8eb6-20d6-4f7c-a2e7-912c5e4b97b7] [endpoint=POST /auth/register] INFO  c.U.O.i.a.i.w.c.AuthController - AUTH_REGISTER_REQUEST username=Sebitas
2025-12-01 23:31:59.889 [http-nio-8080-exec-1] [traceId=e78f8eb6-20d6-4f7c-a2e7-912c5e4b97b7] [endpoint=POST /auth/register] INFO  c.U.O.i.a.o.p.a.UserRepositoryAdapter - DB_EXISTS_USER_BY_USERNAME username=Sebitas
2025-12-01 23:31:59.892 [http-nio-8080-exec-1] [traceId=e78f8eb6-20d6-4f7c-a2e7-912c5e4b97b7] [endpoint=POST /auth/register] DEBUG o.h.stat.internal.StatisticsImpl - HHH000117: HQL: [CRITERIA] select ue1_0.id from users ue1_0 where ue1_0.username=? fetch first ? rows only, time: 0ms, rows: 1
2025-12-01 23:31:59.894 [http-nio-8080-exec-1] [traceId=e78f8eb6-20d6-4f7c-a2e7-912c5e4b97b7] [endpoint=POST /auth/register] ERROR c.U.O.i.a.i.w.e.GlobalExceptionHandler - INTERNAL_SERVER_ERROR endpoint=POST /auth/register errorType=internal-server-error traceId=e78f8eb6-20d6-4f7c-a2e7-912c5e4b97b7 exception=IllegalArgumentException message=Username is already taken
java.lang.IllegalArgumentException: Username is already taken
	at com.UH.OtherLevel.application.service.auth.RegisterUserService.register(RegisterUserService.java:22)
	at com.UH.OtherLevel.infrastructure.adapter.in.web.controller.AuthController.lambda$register$0(AuthController.java:47)
	at com.UH.OtherLevel.infrastructure.adapter.out.persistence.adapter.config.TransactionalUseCaseExecutor.executeInTransaction(TransactionalUseCaseExecutor.java:17)
	at java.base/jdk.internal.reflect.DirectMethodHandleAccessor.invoke(DirectMethodHandleAccessor.java:103)
	at java.base/java.lang.reflect.Method.invoke(Method.java:580)
	at org.springframework.aop.support.AopUtils.invokeJoinpointUsingReflection(AopUtils.java:360)
	at org.springframework.aop.framework.ReflectiveMethodInvocation.invokeJoinpoint(ReflectiveMethodInvocation.java:196)
	at org.springframework.aop.framework.ReflectiveMethodInvocation.proceed(ReflectiveMethodInvocation.java:163)
	at org.springframework.transaction.interceptor.TransactionAspectSupport.invokeWithinTransaction(TransactionAspectSupport.java:380)
	at org.springframework.transaction.interceptor.TransactionInterceptor.invoke(TransactionInterceptor.java:119)
	at org.springframework.aop.framework.ReflectiveMethodInvocation.proceed(ReflectiveMethodInvocation.java:184)
	at org.springframework.aop.framework.CglibAopProxy$DynamicAdvisedInterceptor.intercept(CglibAopProxy.java:728)
	at com.UH.OtherLevel.infrastructure.adapter.out.persistence.adapter.config.TransactionalUseCaseExecutor$$SpringCGLIB$$0.executeInTransaction(<generated>)
	at com.UH.OtherLevel.infrastructure.adapter.in.web.controller.AuthController.register(AuthController.java:46)
	at java.base/jdk.internal.reflect.DirectMethodHandleAccessor.invoke(DirectMethodHandleAccessor.java:103)
	at java.base/java.lang.reflect.Method.invoke(Method.java:580)
	at org.springframework.web.method.support.InvocableHandlerMethod.doInvoke(InvocableHandlerMethod.java:258)
	at org.springframework.web.method.support.InvocableHandlerMethod.invokeForRequest(InvocableHandlerMethod.java:191)
	at org.springframework.web.servlet.mvc.method.annotation.ServletInvocableHandlerMethod.invokeAndHandle(ServletInvocableHandlerMethod.java:118)
	at org.springframework.web.servlet.mvc.method.annotation.RequestMappingHandlerAdapter.invokeHandlerMethod(RequestMappingHandlerAdapter.java:991)
	at org.springframework.web.servlet.mvc.method.annotation.RequestMappingHandlerAdapter.handleInternal(RequestMappingHandlerAdapter.java:896)
	at org.springframework.web.servlet.mvc.method.AbstractHandlerMethodAdapter.handle(AbstractHandlerMethodAdapter.java:87)
	at org.springframework.web.servlet.DispatcherServlet.doDispatch(DispatcherServlet.java:1089)
	at org.springframework.web.servlet.DispatcherServlet.doService(DispatcherServlet.java:979)
	at org.springframework.web.servlet.FrameworkServlet.processRequest(FrameworkServlet.java:1014)
	at org.springframework.web.servlet.FrameworkServlet.doPost(FrameworkServlet.java:914)
	at jakarta.servlet.http.HttpServlet.service(HttpServlet.java:590)
	at org.springframework.web.servlet.FrameworkServlet.service(FrameworkServlet.java:885)
	at jakarta.servlet.http.HttpServlet.service(HttpServlet.java:658)
	at org.apache.catalina.core.ApplicationFilterChain.internalDoFilter(ApplicationFilterChain.java:193)
	at org.apache.catalina.core.ApplicationFilterChain.doFilter(ApplicationFilterChain.java:138)
	at org.apache.tomcat.websocket.server.WsFilter.doFilter(WsFilter.java:51)
	at org.apache.catalina.core.ApplicationFilterChain.internalDoFilter(ApplicationFilterChain.java:162)
	at org.apache.catalina.core.ApplicationFilterChain.doFilter(ApplicationFilterChain.java:138)
	at org.springframework.web.filter.OncePerRequestFilter.doFilter(OncePerRequestFilter.java:110)
	at org.apache.catalina.core.ApplicationFilterChain.internalDoFilter(ApplicationFilterChain.java:162)
	at org.apache.catalina.core.ApplicationFilterChain.doFilter(ApplicationFilterChain.java:138)
	at org.springframework.web.filter.CompositeFilter$VirtualFilterChain.doFilter(CompositeFilter.java:108)
	at org.springframework.web.filter.CompositeFilter$VirtualFilterChain.doFilter(CompositeFilter.java:108)
	at org.springframework.security.web.FilterChainProxy.lambda$doFilterInternal$3(FilterChainProxy.java:231)
	at org.springframework.security.web.FilterChainProxy$VirtualFilterChain.doFilter(FilterChainProxy.java:365)
	at org.springframework.security.web.access.intercept.AuthorizationFilter.doFilter(AuthorizationFilter.java:101)
	at org.springframework.security.web.FilterChainProxy$VirtualFilterChain.doFilter(FilterChainProxy.java:374)
	at org.springframework.security.web.access.ExceptionTranslationFilter.doFilter(ExceptionTranslationFilter.java:125)
	at org.springframework.security.web.access.ExceptionTranslationFilter.doFilter(ExceptionTranslationFilter.java:119)
	at org.springframework.security.web.FilterChainProxy$VirtualFilterChain.doFilter(FilterChainProxy.java:374)
	at org.springframework.security.web.session.SessionManagementFilter.doFilter(SessionManagementFilter.java:131)
	at org.springframework.security.web.session.SessionManagementFilter.doFilter(SessionManagementFilter.java:85)
	at org.springframework.security.web.FilterChainProxy$VirtualFilterChain.doFilter(FilterChainProxy.java:374)
	at org.springframework.security.web.authentication.AnonymousAuthenticationFilter.doFilter(AnonymousAuthenticationFilter.java:100)
	at org.springframework.security.web.FilterChainProxy$VirtualFilterChain.doFilter(FilterChainProxy.java:374)
	at org.springframework.security.web.servletapi.SecurityContextHolderAwareRequestFilter.doFilter(SecurityContextHolderAwareRequestFilter.java:179)
	at org.springframework.security.web.FilterChainProxy$VirtualFilterChain.doFilter(FilterChainProxy.java:374)
	at org.springframework.security.web.savedrequest.RequestCacheAwareFilter.doFilter(RequestCacheAwareFilter.java:63)
	at org.springframework.security.web.FilterChainProxy$VirtualFilterChain.doFilter(FilterChainProxy.java:374)
	at com.UH.OtherLevel.infrastructure.adapter.segurity.jwt.JwtAuthenticationFilter.doFilterInternal(JwtAuthenticationFilter.java:55)
	at org.springframework.web.filter.OncePerRequestFilter.doFilter(OncePerRequestFilter.java:116)
	at org.springframework.security.web.FilterChainProxy$VirtualFilterChain.doFilter(FilterChainProxy.java:374)
	at org.springframework.security.web.authentication.logout.LogoutFilter.doFilter(LogoutFilter.java:107)
	at org.springframework.security.web.authentication.logout.LogoutFilter.doFilter(LogoutFilter.java:93)
	at org.springframework.security.web.FilterChainProxy$VirtualFilterChain.doFilter(FilterChainProxy.java:374)
	at org.springframework.web.filter.CorsFilter.doFilterInternal(CorsFilter.java:91)
	at org.springframework.web.filter.OncePerRequestFilter.doFilter(OncePerRequestFilter.java:116)
	at org.springframework.security.web.FilterChainProxy$VirtualFilterChain.doFilter(FilterChainProxy.java:374)
	at org.springframework.security.web.header.HeaderWriterFilter.doHeadersAfter(HeaderWriterFilter.java:90)
	at org.springframework.security.web.header.HeaderWriterFilter.doFilterInternal(HeaderWriterFilter.java:75)
	at org.springframework.web.filter.OncePerRequestFilter.doFilter(OncePerRequestFilter.java:116)
	at org.springframework.security.web.FilterChainProxy$VirtualFilterChain.doFilter(FilterChainProxy.java:374)
	at org.springframework.security.web.context.SecurityContextHolderFilter.doFilter(SecurityContextHolderFilter.java:82)
	at org.springframework.security.web.context.SecurityContextHolderFilter.doFilter(SecurityContextHolderFilter.java:69)
	at org.springframework.security.web.FilterChainProxy$VirtualFilterChain.doFilter(FilterChainProxy.java:374)
	at org.springframework.security.web.context.request.async.WebAsyncManagerIntegrationFilter.doFilterInternal(WebAsyncManagerIntegrationFilter.java:62)
	at org.springframework.web.filter.OncePerRequestFilter.doFilter(OncePerRequestFilter.java:116)
	at org.springframework.security.web.FilterChainProxy$VirtualFilterChain.doFilter(FilterChainProxy.java:374)
	at org.springframework.security.web.session.DisableEncodeUrlFilter.doFilterInternal(DisableEncodeUrlFilter.java:42)
	at org.springframework.web.filter.OncePerRequestFilter.doFilter(OncePerRequestFilter.java:116)
	at org.springframework.security.web.FilterChainProxy$VirtualFilterChain.doFilter(FilterChainProxy.java:374)
	at org.springframework.security.web.FilterChainProxy.doFilterInternal(FilterChainProxy.java:233)
	at org.springframework.security.web.FilterChainProxy.doFilter(FilterChainProxy.java:191)
	at org.springframework.web.filter.CompositeFilter$VirtualFilterChain.doFilter(CompositeFilter.java:113)
	at org.springframework.web.filter.ServletRequestPathFilter.doFilter(ServletRequestPathFilter.java:52)
	at org.springframework.web.filter.CompositeFilter$VirtualFilterChain.doFilter(CompositeFilter.java:113)
	at org.springframework.web.filter.CompositeFilter.doFilter(CompositeFilter.java:74)
	at org.springframework.security.config.annotation.web.configuration.WebSecurityConfiguration$CompositeFilterChainProxy.doFilter(WebSecurityConfiguration.java:319)
	at org.springframework.web.filter.CompositeFilter$VirtualFilterChain.doFilter(CompositeFilter.java:113)
	at org.springframework.web.servlet.handler.HandlerMappingIntrospector.lambda$createCacheFilter$4(HandlerMappingIntrospector.java:267)
	at org.springframework.web.filter.CompositeFilter$VirtualFilterChain.doFilter(CompositeFilter.java:113)
	at org.springframework.web.filter.CompositeFilter.doFilter(CompositeFilter.java:74)
	at org.springframework.security.config.annotation.web.configuration.WebMvcSecurityConfiguration$CompositeFilterChainProxy.doFilter(WebMvcSecurityConfiguration.java:240)
	at org.springframework.web.filter.DelegatingFilterProxy.invokeDelegate(DelegatingFilterProxy.java:362)
	at org.springframework.web.filter.DelegatingFilterProxy.doFilter(DelegatingFilterProxy.java:278)
	at org.apache.catalina.core.ApplicationFilterChain.internalDoFilter(ApplicationFilterChain.java:162)
	at org.apache.catalina.core.ApplicationFilterChain.doFilter(ApplicationFilterChain.java:138)
	at org.springframework.web.filter.RequestContextFilter.doFilterInternal(RequestContextFilter.java:100)
	at org.springframework.web.filter.OncePerRequestFilter.doFilter(OncePerRequestFilter.java:116)
	at org.apache.catalina.core.ApplicationFilterChain.internalDoFilter(ApplicationFilterChain.java:162)
	at org.apache.catalina.core.ApplicationFilterChain.doFilter(ApplicationFilterChain.java:138)
	at org.springframework.web.filter.FormContentFilter.doFilterInternal(FormContentFilter.java:93)
	at org.springframework.web.filter.OncePerRequestFilter.doFilter(OncePerRequestFilter.java:116)
	at org.apache.catalina.core.ApplicationFilterChain.internalDoFilter(ApplicationFilterChain.java:162)
	at org.apache.catalina.core.ApplicationFilterChain.doFilter(ApplicationFilterChain.java:138)
	at org.springframework.web.filter.CharacterEncodingFilter.doFilterInternal(CharacterEncodingFilter.java:201)
	at org.springframework.web.filter.OncePerRequestFilter.doFilter(OncePerRequestFilter.java:116)
	at org.apache.catalina.core.ApplicationFilterChain.internalDoFilter(ApplicationFilterChain.java:162)
	at org.apache.catalina.core.ApplicationFilterChain.doFilter(ApplicationFilterChain.java:138)
	at com.UH.OtherLevel.infrastructure.adapter.in.web.filter.TraceIdFilter.doFilterInternal(TraceIdFilter.java:37)
	at org.springframework.web.filter.OncePerRequestFilter.doFilter(OncePerRequestFilter.java:116)
	at org.apache.catalina.core.ApplicationFilterChain.internalDoFilter(ApplicationFilterChain.java:162)
	at org.apache.catalina.core.ApplicationFilterChain.doFilter(ApplicationFilterChain.java:138)
	at org.apache.catalina.core.StandardWrapperValve.invoke(StandardWrapperValve.java:165)
	at org.apache.catalina.core.StandardContextValve.invoke(StandardContextValve.java:88)
	at org.apache.catalina.authenticator.AuthenticatorBase.invoke(AuthenticatorBase.java:482)
	at org.apache.catalina.core.StandardHostValve.invoke(StandardHostValve.java:113)
	at org.apache.catalina.valves.ErrorReportValve.invoke(ErrorReportValve.java:83)
	at org.apache.catalina.core.StandardEngineValve.invoke(StandardEngineValve.java:72)
	at org.apache.catalina.connector.CoyoteAdapter.service(CoyoteAdapter.java:342)
	at org.apache.coyote.http11.Http11Processor.service(Http11Processor.java:399)
	at org.apache.coyote.AbstractProcessorLight.process(AbstractProcessorLight.java:63)
	at org.apache.coyote.AbstractProtocol$ConnectionHandler.process(AbstractProtocol.java:903)
	at org.apache.tomcat.util.net.NioEndpoint$SocketProcessor.doRun(NioEndpoint.java:1774)
	at org.apache.tomcat.util.net.SocketProcessorBase.run(SocketProcessorBase.java:52)
	at org.apache.tomcat.util.threads.ThreadPoolExecutor.runWorker(ThreadPoolExecutor.java:973)
	at org.apache.tomcat.util.threads.ThreadPoolExecutor$Worker.run(ThreadPoolExecutor.java:491)
	at org.apache.tomcat.util.threads.TaskThread$WrappingRunnable.run(TaskThread.java:63)
	at java.base/java.lang.Thread.run(Thread.java:1583)
2025-12-01 23:32:46.356 [http-nio-8080-exec-2] [traceId=062f554e-c83c-4688-8e00-14c0070fa4f1] [endpoint=POST /auth/login] INFO  c.U.O.i.a.i.w.c.AuthController - AUTH_LOGIN_REQUEST username=Sebitas
2025-12-01 23:32:46.424 [http-nio-8080-exec-2] [traceId=062f554e-c83c-4688-8e00-14c0070fa4f1] [endpoint=POST /auth/login] DEBUG o.h.stat.internal.StatisticsImpl - HHH000117: HQL: [CRITERIA] select ue1_0.id,ue1_0.email,ue1_0.password,ue1_0.username from users ue1_0 where ue1_0.username=?, time: 8ms, rows: 1
2025-12-01 23:32:46.478 [http-nio-8080-exec-2] [traceId=062f554e-c83c-4688-8e00-14c0070fa4f1] [endpoint=POST /auth/login] ERROR c.U.O.i.a.i.w.e.GlobalExceptionHandler - INTERNAL_SERVER_ERROR endpoint=POST /auth/login errorType=internal-server-error traceId=062f554e-c83c-4688-8e00-14c0070fa4f1 exception=BadCredentialsException message=Bad credentials
org.springframework.security.authentication.BadCredentialsException: Bad credentials
	at org.springframework.security.authentication.dao.DaoAuthenticationProvider.additionalAuthenticationChecks(DaoAuthenticationProvider.java:107)
	at org.springframework.security.authentication.dao.AbstractUserDetailsAuthenticationProvider.authenticate(AbstractUserDetailsAuthenticationProvider.java:150)
	at org.springframework.security.authentication.ProviderManager.authenticate(ProviderManager.java:182)
	at com.UH.OtherLevel.infrastructure.adapter.in.web.controller.AuthController.login(AuthController.java:61)
	at java.base/jdk.internal.reflect.DirectMethodHandleAccessor.invoke(DirectMethodHandleAccessor.java:103)
	at java.base/java.lang.reflect.Method.invoke(Method.java:580)
	at org.springframework.web.method.support.InvocableHandlerMethod.doInvoke(InvocableHandlerMethod.java:258)
	at org.springframework.web.method.support.InvocableHandlerMethod.invokeForRequest(InvocableHandlerMethod.java:191)
	at org.springframework.web.servlet.mvc.method.annotation.ServletInvocableHandlerMethod.invokeAndHandle(ServletInvocableHandlerMethod.java:118)
	at org.springframework.web.servlet.mvc.method.annotation.RequestMappingHandlerAdapter.invokeHandlerMethod(RequestMappingHandlerAdapter.java:991)
	at org.springframework.web.servlet.mvc.method.annotation.RequestMappingHandlerAdapter.handleInternal(RequestMappingHandlerAdapter.java:896)
	at org.springframework.web.servlet.mvc.method.AbstractHandlerMethodAdapter.handle(AbstractHandlerMethodAdapter.java:87)
	at org.springframework.web.servlet.DispatcherServlet.doDispatch(DispatcherServlet.java:1089)
	at org.springframework.web.servlet.DispatcherServlet.doService(DispatcherServlet.java:979)
	at org.springframework.web.servlet.FrameworkServlet.processRequest(FrameworkServlet.java:1014)
	at org.springframework.web.servlet.FrameworkServlet.doPost(FrameworkServlet.java:914)
	at jakarta.servlet.http.HttpServlet.service(HttpServlet.java:590)
	at org.springframework.web.servlet.FrameworkServlet.service(FrameworkServlet.java:885)
	at jakarta.servlet.http.HttpServlet.service(HttpServlet.java:658)
	at org.apache.catalina.core.ApplicationFilterChain.internalDoFilter(ApplicationFilterChain.java:193)
	at org.apache.catalina.core.ApplicationFilterChain.doFilter(ApplicationFilterChain.java:138)
	at org.apache.tomcat.websocket.server.WsFilter.doFilter(WsFilter.java:51)
	at org.apache.catalina.core.ApplicationFilterChain.internalDoFilter(ApplicationFilterChain.java:162)
	at org.apache.catalina.core.ApplicationFilterChain.doFilter(ApplicationFilterChain.java:138)
	at org.springframework.web.filter.OncePerRequestFilter.doFilter(OncePerRequestFilter.java:110)
	at org.apache.catalina.core.ApplicationFilterChain.internalDoFilter(ApplicationFilterChain.java:162)
	at org.apache.catalina.core.ApplicationFilterChain.doFilter(ApplicationFilterChain.java:138)
	at org.springframework.web.filter.CompositeFilter$VirtualFilterChain.doFilter(CompositeFilter.java:108)
	at org.springframework.web.filter.CompositeFilter$VirtualFilterChain.doFilter(CompositeFilter.java:108)
	at org.springframework.security.web.FilterChainProxy.lambda$doFilterInternal$3(FilterChainProxy.java:231)
	at org.springframework.security.web.FilterChainProxy$VirtualFilterChain.doFilter(FilterChainProxy.java:365)
	at org.springframework.security.web.access.intercept.AuthorizationFilter.doFilter(AuthorizationFilter.java:101)
	at org.springframework.security.web.FilterChainProxy$VirtualFilterChain.doFilter(FilterChainProxy.java:374)
	at org.springframework.security.web.access.ExceptionTranslationFilter.doFilter(ExceptionTranslationFilter.java:125)
	at org.springframework.security.web.access.ExceptionTranslationFilter.doFilter(ExceptionTranslationFilter.java:119)
	at org.springframework.security.web.FilterChainProxy$VirtualFilterChain.doFilter(FilterChainProxy.java:374)
	at org.springframework.security.web.session.SessionManagementFilter.doFilter(SessionManagementFilter.java:131)
	at org.springframework.security.web.session.SessionManagementFilter.doFilter(SessionManagementFilter.java:85)
	at org.springframework.security.web.FilterChainProxy$VirtualFilterChain.doFilter(FilterChainProxy.java:374)
	at org.springframework.security.web.authentication.AnonymousAuthenticationFilter.doFilter(AnonymousAuthenticationFilter.java:100)
	at org.springframework.security.web.FilterChainProxy$VirtualFilterChain.doFilter(FilterChainProxy.java:374)
	at org.springframework.security.web.servletapi.SecurityContextHolderAwareRequestFilter.doFilter(SecurityContextHolderAwareRequestFilter.java:179)
	at org.springframework.security.web.FilterChainProxy$VirtualFilterChain.doFilter(FilterChainProxy.java:374)
	at org.springframework.security.web.savedrequest.RequestCacheAwareFilter.doFilter(RequestCacheAwareFilter.java:63)
	at org.springframework.security.web.FilterChainProxy$VirtualFilterChain.doFilter(FilterChainProxy.java:374)
	at com.UH.OtherLevel.infrastructure.adapter.segurity.jwt.JwtAuthenticationFilter.doFilterInternal(JwtAuthenticationFilter.java:55)
	at org.springframework.web.filter.OncePerRequestFilter.doFilter(OncePerRequestFilter.java:116)
	at org.springframework.security.web.FilterChainProxy$VirtualFilterChain.doFilter(FilterChainProxy.java:374)
	at org.springframework.security.web.authentication.logout.LogoutFilter.doFilter(LogoutFilter.java:107)
	at org.springframework.security.web.authentication.logout.LogoutFilter.doFilter(LogoutFilter.java:93)
	at org.springframework.security.web.FilterChainProxy$VirtualFilterChain.doFilter(FilterChainProxy.java:374)
	at org.springframework.web.filter.CorsFilter.doFilterInternal(CorsFilter.java:91)
	at org.springframework.web.filter.OncePerRequestFilter.doFilter(OncePerRequestFilter.java:116)
	at org.springframework.security.web.FilterChainProxy$VirtualFilterChain.doFilter(FilterChainProxy.java:374)
	at org.springframework.security.web.header.HeaderWriterFilter.doHeadersAfter(HeaderWriterFilter.java:90)
	at org.springframework.security.web.header.HeaderWriterFilter.doFilterInternal(HeaderWriterFilter.java:75)
	at org.springframework.web.filter.OncePerRequestFilter.doFilter(OncePerRequestFilter.java:116)
	at org.springframework.security.web.FilterChainProxy$VirtualFilterChain.doFilter(FilterChainProxy.java:374)
	at org.springframework.security.web.context.SecurityContextHolderFilter.doFilter(SecurityContextHolderFilter.java:82)
	at org.springframework.security.web.context.SecurityContextHolderFilter.doFilter(SecurityContextHolderFilter.java:69)
	at org.springframework.security.web.FilterChainProxy$VirtualFilterChain.doFilter(FilterChainProxy.java:374)
	at org.springframework.security.web.context.request.async.WebAsyncManagerIntegrationFilter.doFilterInternal(WebAsyncManagerIntegrationFilter.java:62)
	at org.springframework.web.filter.OncePerRequestFilter.doFilter(OncePerRequestFilter.java:116)
	at org.springframework.security.web.FilterChainProxy$VirtualFilterChain.doFilter(FilterChainProxy.java:374)
	at org.springframework.security.web.session.DisableEncodeUrlFilter.doFilterInternal(DisableEncodeUrlFilter.java:42)
	at org.springframework.web.filter.OncePerRequestFilter.doFilter(OncePerRequestFilter.java:116)
	at org.springframework.security.web.FilterChainProxy$VirtualFilterChain.doFilter(FilterChainProxy.java:374)
	at org.springframework.security.web.FilterChainProxy.doFilterInternal(FilterChainProxy.java:233)
	at org.springframework.security.web.FilterChainProxy.doFilter(FilterChainProxy.java:191)
	at org.springframework.web.filter.CompositeFilter$VirtualFilterChain.doFilter(CompositeFilter.java:113)
	at org.springframework.web.filter.ServletRequestPathFilter.doFilter(ServletRequestPathFilter.java:52)
	at org.springframework.web.filter.CompositeFilter$VirtualFilterChain.doFilter(CompositeFilter.java:113)
	at org.springframework.web.filter.CompositeFilter.doFilter(CompositeFilter.java:74)
	at org.springframework.security.config.annotation.web.configuration.WebSecurityConfiguration$CompositeFilterChainProxy.doFilter(WebSecurityConfiguration.java:319)
	at org.springframework.web.filter.CompositeFilter$VirtualFilterChain.doFilter(CompositeFilter.java:113)
	at org.springframework.web.servlet.handler.HandlerMappingIntrospector.lambda$createCacheFilter$4(HandlerMappingIntrospector.java:267)
	at org.springframework.web.filter.CompositeFilter$VirtualFilterChain.doFilter(CompositeFilter.java:113)
	at org.springframework.web.filter.CompositeFilter.doFilter(CompositeFilter.java:74)
	at org.springframework.security.config.annotation.web.configuration.WebMvcSecurityConfiguration$CompositeFilterChainProxy.doFilter(WebMvcSecurityConfiguration.java:240)
	at org.springframework.web.filter.DelegatingFilterProxy.invokeDelegate(DelegatingFilterProxy.java:362)
	at org.springframework.web.filter.DelegatingFilterProxy.doFilter(DelegatingFilterProxy.java:278)
	at org.apache.catalina.core.ApplicationFilterChain.internalDoFilter(ApplicationFilterChain.java:162)
	at org.apache.catalina.core.ApplicationFilterChain.doFilter(ApplicationFilterChain.java:138)
	at org.springframework.web.filter.RequestContextFilter.doFilterInternal(RequestContextFilter.java:100)
	at org.springframework.web.filter.OncePerRequestFilter.doFilter(OncePerRequestFilter.java:116)
	at org.apache.catalina.core.ApplicationFilterChain.internalDoFilter(ApplicationFilterChain.java:162)
	at org.apache.catalina.core.ApplicationFilterChain.doFilter(ApplicationFilterChain.java:138)
	at org.springframework.web.filter.FormContentFilter.doFilterInternal(FormContentFilter.java:93)
	at org.springframework.web.filter.OncePerRequestFilter.doFilter(OncePerRequestFilter.java:116)
	at org.apache.catalina.core.ApplicationFilterChain.internalDoFilter(ApplicationFilterChain.java:162)
	at org.apache.catalina.core.ApplicationFilterChain.doFilter(ApplicationFilterChain.java:138)
	at org.springframework.web.filter.CharacterEncodingFilter.doFilterInternal(CharacterEncodingFilter.java:201)
	at org.springframework.web.filter.OncePerRequestFilter.doFilter(OncePerRequestFilter.java:116)
	at org.apache.catalina.core.ApplicationFilterChain.internalDoFilter(ApplicationFilterChain.java:162)
	at org.apache.catalina.core.ApplicationFilterChain.doFilter(ApplicationFilterChain.java:138)
	at com.UH.OtherLevel.infrastructure.adapter.in.web.filter.TraceIdFilter.doFilterInternal(TraceIdFilter.java:37)
	at org.springframework.web.filter.OncePerRequestFilter.doFilter(OncePerRequestFilter.java:116)
	at org.apache.catalina.core.ApplicationFilterChain.internalDoFilter(ApplicationFilterChain.java:162)
	at org.apache.catalina.core.ApplicationFilterChain.doFilter(ApplicationFilterChain.java:138)
	at org.apache.catalina.core.StandardWrapperValve.invoke(StandardWrapperValve.java:165)
	at org.apache.catalina.core.StandardContextValve.invoke(StandardContextValve.java:88)
	at org.apache.catalina.authenticator.AuthenticatorBase.invoke(AuthenticatorBase.java:482)
	at org.apache.catalina.core.StandardHostValve.invoke(StandardHostValve.java:113)
	at org.apache.catalina.valves.ErrorReportValve.invoke(ErrorReportValve.java:83)
	at org.apache.catalina.core.StandardEngineValve.invoke(StandardEngineValve.java:72)
	at org.apache.catalina.connector.CoyoteAdapter.service(CoyoteAdapter.java:342)
	at org.apache.coyote.http11.Http11Processor.service(Http11Processor.java:399)
	at org.apache.coyote.AbstractProcessorLight.process(AbstractProcessorLight.java:63)
	at org.apache.coyote.AbstractProtocol$ConnectionHandler.process(AbstractProtocol.java:903)
	at org.apache.tomcat.util.net.NioEndpoint$SocketProcessor.doRun(NioEndpoint.java:1774)
	at org.apache.tomcat.util.net.SocketProcessorBase.run(SocketProcessorBase.java:52)
	at org.apache.tomcat.util.threads.ThreadPoolExecutor.runWorker(ThreadPoolExecutor.java:973)
	at org.apache.tomcat.util.threads.ThreadPoolExecutor$Worker.run(ThreadPoolExecutor.java:491)
	at org.apache.tomcat.util.threads.TaskThread$WrappingRunnable.run(TaskThread.java:63)
	at java.base/java.lang.Thread.run(Thread.java:1583)
2025-12-01 23:32:57.049 [http-nio-8080-exec-8] [traceId=87c98b5a-1284-4e8d-9188-d6ea73f63d90] [endpoint=POST /auth/login] INFO  c.U.O.i.a.i.w.c.AuthController - AUTH_LOGIN_REQUEST username=Sebitas
2025-12-01 23:32:57.052 [http-nio-8080-exec-8] [traceId=87c98b5a-1284-4e8d-9188-d6ea73f63d90] [endpoint=POST /auth/login] DEBUG o.h.stat.internal.StatisticsImpl - HHH000117: HQL: [CRITERIA] select ue1_0.id,ue1_0.email,ue1_0.password,ue1_0.username from users ue1_0 where ue1_0.username=?, time: 0ms, rows: 1
2025-12-01 23:32:57.142 [http-nio-8080-exec-8] [traceId=87c98b5a-1284-4e8d-9188-d6ea73f63d90] [endpoint=POST /auth/login] INFO  c.U.O.i.a.o.p.a.UserRepositoryAdapter - DB_FIND_USER_BY_USERNAME username=Sebitas
2025-12-01 23:32:57.144 [http-nio-8080-exec-8] [traceId=87c98b5a-1284-4e8d-9188-d6ea73f63d90] [endpoint=POST /auth/login] DEBUG o.h.stat.internal.StatisticsImpl - HHH000117: HQL: [CRITERIA] select ue1_0.id,ue1_0.email,ue1_0.password,ue1_0.username from users ue1_0 where ue1_0.username=?, time: 0ms, rows: 1
2025-12-01 23:32:57.145 [http-nio-8080-exec-8] [traceId=87c98b5a-1284-4e8d-9188-d6ea73f63d90] [endpoint=POST /auth/login] INFO  c.U.O.i.a.i.w.c.AuthController - AUTH_LOGIN_SUCCESS username=Sebitas id=2
2025-12-01 23:33:18.521 [SpringApplicationShutdownHook] [traceId=NO_TRACE] [endpoint=N/A] INFO  com.zaxxer.hikari.HikariDataSource - HikariPool-1 - Shutdown initiated...
2025-12-01 23:33:18.523 [SpringApplicationShutdownHook] [traceId=NO_TRACE] [endpoint=N/A] INFO  com.zaxxer.hikari.HikariDataSource - HikariPool-1 - Shutdown completed.
